
> akaap-react-frontend@0.0.0 build
> tsc -b && vite build

src/components/Footer.tsx(2,31): error TS2305: Module '"lucide-react"' has no exported member 'Facebook'.
src/components/Footer.tsx(2,41): error TS2305: Module '"lucide-react"' has no exported member 'Linkedin'.
src/components/Footer.tsx(2,51): error TS2305: Module '"lucide-react"' has no exported member 'Twitter'.
